[2026-08-04 11:25:46] Error fetching setting 'product_name': SQLSTATE[42S02]: Base table or view not found: 1146 Table 'vk_logistics.settings' doesn't exist
[2026-08-04 11:25:46] Error fetching setting 'unit_price': SQLSTATE[42S02]: Base table or view not found: 1146 Table 'vk_logistics.settings' doesn't exist
[2026-08-04 11:25:46] Error fetching setting 'shipping_charge': SQLSTATE[42S02]: Base table or view not found: 1146 Table 'vk_logistics.settings' doesn't exist
[2026-08-04 11:25:46] Error fetching setting 'currency_symbol': SQLSTATE[42S02]: Base table or view not found: 1146 Table 'vk_logistics.settings' doesn't exist
[2026-08-04 11:25:46] Error fetching setting 'currency_code': SQLSTATE[42S02]: Base table or view not found: 1146 Table 'vk_logistics.settings' doesn't exist
[2026-08-04 11:25:46] Error fetching setting 'service_area': SQLSTATE[42S02]: Base table or view not found: 1146 Table 'vk_logistics.settings' doesn't exist
[2026-08-04 11:25:46] Error fetching setting 'bank_account_name': SQLSTATE[42S02]: Base table or view not found: 1146 Table 'vk_logistics.settings' doesn't exist
[2026-08-04 11:25:46] Error fetching setting 'bank_name': SQLSTATE[42S02]: Base table or view not found: 1146 Table 'vk_logistics.settings' doesn't exist
[2026-08-04 11:25:46] Error fetching setting 'bank_sort_code': SQLSTATE[42S02]: Base table or view not found: 1146 Table 'vk_logistics.settings' doesn't exist
[2026-08-04 11:25:46] Error fetching setting 'bank_account_number': SQLSTATE[42S02]: Base table or view not found: 1146 Table 'vk_logistics.settings' doesn't exist
[2026-08-04 11:25:46] Error fetching setting 'paypal_client_id': SQLSTATE[42S02]: Base table or view not found: 1146 Table 'vk_logistics.settings' doesn't exist
[2026-08-04 11:25:46] Error fetching setting 'paypal_mode': SQLSTATE[42S02]: Base table or view not found: 1146 Table 'vk_logistics.settings' doesn't exist
[2026-08-04 11:25:46] Error fetching setting 'support_phone': SQLSTATE[42S02]: Base table or view not found: 1146 Table 'vk_logistics.settings' doesn't exist
[2026-08-04 11:25:46] Error fetching setting 'support_email': SQLSTATE[42S02]: Base table or view not found: 1146 Table 'vk_logistics.settings' doesn't exist
[2026-08-04 11:25:47] Error fetching setting 'product_name': SQLSTATE[42S02]: Base table or view not found: 1146 Table 'vk_logistics.settings' doesn't exist
[2026-08-04 11:25:47] Error fetching setting 'unit_price': SQLSTATE[42S02]: Base table or view not found: 1146 Table 'vk_logistics.settings' doesn't exist
[2026-08-04 11:25:47] Error fetching setting 'shipping_charge': SQLSTATE[42S02]: Base table or view not found: 1146 Table 'vk_logistics.settings' doesn't exist
[2026-08-04 11:25:47] Error fetching setting 'currency_symbol': SQLSTATE[42S02]: Base table or view not found: 1146 Table 'vk_logistics.settings' doesn't exist
[2026-08-04 11:25:47] Error fetching setting 'currency_code': SQLSTATE[42S02]: Base table or view not found: 1146 Table 'vk_logistics.settings' doesn't exist
[2026-08-04 11:25:47] Error fetching setting 'service_area': SQLSTATE[42S02]: Base table or view not found: 1146 Table 'vk_logistics.settings' doesn't exist
[2026-08-04 11:25:47] Error fetching setting 'bank_account_name': SQLSTATE[42S02]: Base table or view not found: 1146 Table 'vk_logistics.settings' doesn't exist
[2026-08-04 11:25:47] Error fetching setting 'bank_name': SQLSTATE[42S02]: Base table or view not found: 1146 Table 'vk_logistics.settings' doesn't exist
[2026-08-04 11:25:47] Error fetching setting 'bank_sort_code': SQLSTATE[42S02]: Base table or view not found: 1146 Table 'vk_logistics.settings' doesn't exist
[2026-08-04 11:25:47] Error fetching setting 'bank_account_number': SQLSTATE[42S02]: Base table or view not found: 1146 Table 'vk_logistics.settings' doesn't exist
[2026-08-04 11:25:47] Error fetching setting 'paypal_client_id': SQLSTATE[42S02]: Base table or view not found: 1146 Table 'vk_logistics.settings' doesn't exist
[2026-08-04 11:25:47] Error fetching setting 'paypal_mode': SQLSTATE[42S02]: Base table or view not found: 1146 Table 'vk_logistics.settings' doesn't exist
[2026-08-04 11:25:47] Error fetching setting 'support_phone': SQLSTATE[42S02]: Base table or view not found: 1146 Table 'vk_logistics.settings' doesn't exist
[2026-08-04 11:25:47] Error fetching setting 'support_email': SQLSTATE[42S02]: Base table or view not found: 1146 Table 'vk_logistics.settings' doesn't exist
[2026-08-04 11:27:47] Error fetching setting 'product_name': SQLSTATE[42S02]: Base table or view not found: 1146 Table 'vk_logistics.settings' doesn't exist
[2026-08-04 11:27:47] Error fetching setting 'unit_price': SQLSTATE[42S02]: Base table or view not found: 1146 Table 'vk_logistics.settings' doesn't exist
[2026-08-04 11:27:47] Error fetching setting 'shipping_charge': SQLSTATE[42S02]: Base table or view not found: 1146 Table 'vk_logistics.settings' doesn't exist
[2026-08-04 11:27:47] Error fetching setting 'currency_symbol': SQLSTATE[42S02]: Base table or view not found: 1146 Table 'vk_logistics.settings' doesn't exist
[2026-08-04 11:27:47] Error fetching setting 'currency_code': SQLSTATE[42S02]: Base table or view not found: 1146 Table 'vk_logistics.settings' doesn't exist
[2026-08-04 11:27:47] Error fetching setting 'service_area': SQLSTATE[42S02]: Base table or view not found: 1146 Table 'vk_logistics.settings' doesn't exist
[2026-08-04 11:27:47] Error fetching setting 'bank_account_name': SQLSTATE[42S02]: Base table or view not found: 1146 Table 'vk_logistics.settings' doesn't exist
[2026-08-04 11:27:47] Error fetching setting 'bank_name': SQLSTATE[42S02]: Base table or view not found: 1146 Table 'vk_logistics.settings' doesn't exist
[2026-08-04 11:27:47] Error fetching setting 'bank_sort_code': SQLSTATE[42S02]: Base table or view not found: 1146 Table 'vk_logistics.settings' doesn't exist
[2026-08-04 11:27:47] Error fetching setting 'bank_account_number': SQLSTATE[42S02]: Base table or view not found: 1146 Table 'vk_logistics.settings' doesn't exist
[2026-08-04 11:27:47] Error fetching setting 'paypal_client_id': SQLSTATE[42S02]: Base table or view not found: 1146 Table 'vk_logistics.settings' doesn't exist
[2026-08-04 11:27:47] Error fetching setting 'paypal_mode': SQLSTATE[42S02]: Base table or view not found: 1146 Table 'vk_logistics.settings' doesn't exist
[2026-08-04 11:27:47] Error fetching setting 'support_phone': SQLSTATE[42S02]: Base table or view not found: 1146 Table 'vk_logistics.settings' doesn't exist
[2026-08-04 11:27:47] Error fetching setting 'support_email': SQLSTATE[42S02]: Base table or view not found: 1146 Table 'vk_logistics.settings' doesn't exist
[2026-08-04 11:27:47] Error fetching setting 'product_name': SQLSTATE[42S02]: Base table or view not found: 1146 Table 'vk_logistics.settings' doesn't exist
[2026-08-04 11:27:47] Error fetching setting 'unit_price': SQLSTATE[42S02]: Base table or view not found: 1146 Table 'vk_logistics.settings' doesn't exist
[2026-08-04 11:27:47] Error fetching setting 'shipping_charge': SQLSTATE[42S02]: Base table or view not found: 1146 Table 'vk_logistics.settings' doesn't exist
[2026-08-04 11:27:47] Error fetching setting 'currency_symbol': SQLSTATE[42S02]: Base table or view not found: 1146 Table 'vk_logistics.settings' doesn't exist
[2026-08-04 11:27:47] Error fetching setting 'currency_code': SQLSTATE[42S02]: Base table or view not found: 1146 Table 'vk_logistics.settings' doesn't exist
[2026-08-04 11:27:47] Error fetching setting 'service_area': SQLSTATE[42S02]: Base table or view not found: 1146 Table 'vk_logistics.settings' doesn't exist
[2026-08-04 11:27:47] Error fetching setting 'bank_account_name': SQLSTATE[42S02]: Base table or view not found: 1146 Table 'vk_logistics.settings' doesn't exist
[2026-08-04 11:27:47] Error fetching setting 'bank_name': SQLSTATE[42S02]: Base table or view not found: 1146 Table 'vk_logistics.settings' doesn't exist
[2026-08-04 11:27:47] Error fetching setting 'bank_sort_code': SQLSTATE[42S02]: Base table or view not found: 1146 Table 'vk_logistics.settings' doesn't exist
[2026-08-04 11:27:47] Error fetching setting 'bank_account_number': SQLSTATE[42S02]: Base table or view not found: 1146 Table 'vk_logistics.settings' doesn't exist
[2026-08-04 11:27:47] Error fetching setting 'paypal_client_id': SQLSTATE[42S02]: Base table or view not found: 1146 Table 'vk_logistics.settings' doesn't exist
[2026-08-04 11:27:47] Error fetching setting 'paypal_mode': SQLSTATE[42S02]: Base table or view not found: 1146 Table 'vk_logistics.settings' doesn't exist
[2026-08-04 11:27:47] Error fetching setting 'support_phone': SQLSTATE[42S02]: Base table or view not found: 1146 Table 'vk_logistics.settings' doesn't exist
[2026-08-04 11:27:47] Error fetching setting 'support_email': SQLSTATE[42S02]: Base table or view not found: 1146 Table 'vk_logistics.settings' doesn't exist
[2026-08-05 08:06:57] Sequence generation error: SQLSTATE[HY000]: General error: 1 no such function: NOW
[2026-08-05 09:21:20] Sequence generation error: SQLSTATE[HY000]: General error: 1 no such function: NOW
[2026-08-05 09:22:11] Sequence generation error: SQLSTATE[HY000]: General error: 1 no such function: NOW
[2026-08-05 10:17:30] Sequence generation error: SQLSTATE[HY000]: General error: 1 no such function: NOW
[2026-08-05 12:43:52] Sequence generation error: SQLSTATE[HY000]: General error: 1 no such function: NOW
[2026-08-05 13:06:33] Sequence generation error: SQLSTATE[HY000]: General error: 1 no such function: NOW
[2026-08-05 13:06:33] Sequence generation error: SQLSTATE[HY000]: General error: 1 no such function: NOW
[2026-08-05 13:06:33] Sequence generation error: SQLSTATE[HY000]: General error: 1 no such function: NOW
[2026-08-05 13:07:46] Sequence generation error: SQLSTATE[HY000]: General error: 1 no such function: NOW
[2026-08-05 13:21:09] Sequence generation error: SQLSTATE[HY000]: General error: 1 no such function: NOW
[2026-08-06 05:14:53] Save setting error for 'unit_price': SQLSTATE[HY093]: Invalid parameter number
[2026-08-06 05:14:53] Save setting error for 'shipping_charge': SQLSTATE[HY093]: Invalid parameter number
[2026-08-06 05:14:53] Save setting error for 'bank_name': SQLSTATE[HY093]: Invalid parameter number
[2026-08-06 05:14:53] Save setting error for 'bank_account_name': SQLSTATE[HY093]: Invalid parameter number
[2026-08-06 05:14:53] Save setting error for 'bank_sort_code': SQLSTATE[HY093]: Invalid parameter number
[2026-08-06 05:14:53] Save setting error for 'bank_account_number': SQLSTATE[HY093]: Invalid parameter number
[2026-08-06 05:14:53] Save setting error for 'paypal_email': SQLSTATE[HY093]: Invalid parameter number
[2026-08-06 05:14:53] Save setting error for 'paypal_account_name': SQLSTATE[HY093]: Invalid parameter number
[2026-08-06 05:14:53] Save setting error for 'support_phone': SQLSTATE[HY093]: Invalid parameter number
[2026-08-06 05:15:07] Save setting error for 'unit_price': SQLSTATE[HY093]: Invalid parameter number
[2026-08-06 05:15:07] Save setting error for 'shipping_charge': SQLSTATE[HY093]: Invalid parameter number
[2026-08-06 05:15:07] Save setting error for 'bank_name': SQLSTATE[HY093]: Invalid parameter number
[2026-08-06 05:15:07] Save setting error for 'bank_account_name': SQLSTATE[HY093]: Invalid parameter number
[2026-08-06 05:15:07] Save setting error for 'bank_sort_code': SQLSTATE[HY093]: Invalid parameter number
[2026-08-06 05:15:07] Save setting error for 'bank_account_number': SQLSTATE[HY093]: Invalid parameter number
[2026-08-06 05:15:07] Save setting error for 'paypal_email': SQLSTATE[HY093]: Invalid parameter number
[2026-08-06 05:15:07] Save setting error for 'paypal_account_name': SQLSTATE[HY093]: Invalid parameter number
[2026-08-06 05:15:07] Save setting error for 'support_phone': SQLSTATE[HY093]: Invalid parameter number
[2026-08-06 05:21:24] Save setting error for 'unit_price': SQLSTATE[HY093]: Invalid parameter number
[2026-08-06 05:21:24] Save setting error for 'shipping_charge': SQLSTATE[HY093]: Invalid parameter number
[2026-08-06 05:21:24] Save setting error for 'bank_name': SQLSTATE[HY093]: Invalid parameter number
[2026-08-06 05:21:24] Save setting error for 'bank_account_name': SQLSTATE[HY093]: Invalid parameter number
[2026-08-06 05:21:24] Save setting error for 'bank_sort_code': SQLSTATE[HY093]: Invalid parameter number
[2026-08-06 05:21:24] Save setting error for 'bank_account_number': SQLSTATE[HY093]: Invalid parameter number
[2026-08-06 05:21:24] Save setting error for 'paypal_email': SQLSTATE[HY093]: Invalid parameter number
[2026-08-06 05:21:24] Save setting error for 'paypal_account_name': SQLSTATE[HY093]: Invalid parameter number
[2026-08-06 05:21:24] Save setting error for 'support_phone': SQLSTATE[HY093]: Invalid parameter number
[2026-08-06 05:22:58] Save setting error for 'unit_price': SQLSTATE[HY093]: Invalid parameter number
[2026-08-06 05:22:58] Save setting error for 'shipping_charge': SQLSTATE[HY093]: Invalid parameter number
[2026-08-06 05:22:58] Save setting error for 'bank_name': SQLSTATE[HY093]: Invalid parameter number
[2026-08-06 05:22:58] Save setting error for 'bank_account_name': SQLSTATE[HY093]: Invalid parameter number
[2026-08-06 05:22:58] Save setting error for 'bank_sort_code': SQLSTATE[HY093]: Invalid parameter number
[2026-08-06 05:22:58] Save setting error for 'bank_account_number': SQLSTATE[HY093]: Invalid parameter number
[2026-08-06 05:22:58] Save setting error for 'paypal_email': SQLSTATE[HY093]: Invalid parameter number
[2026-08-06 05:22:58] Save setting error for 'paypal_account_name': SQLSTATE[HY093]: Invalid parameter number
[2026-08-06 05:22:58] Save setting error for 'support_phone': SQLSTATE[HY093]: Invalid parameter number
[2026-08-07 12:12:54] Error fetching setting 'product_name': SQLSTATE[42S02]: Base table or view not found: 1146 Table 'vk_logistics.settings' doesn't exist
[2026-08-07 12:12:54] Error fetching setting 'unit_price': SQLSTATE[42S02]: Base table or view not found: 1146 Table 'vk_logistics.settings' doesn't exist
[2026-08-07 12:12:54] Error fetching setting 'shipping_charge': SQLSTATE[42S02]: Base table or view not found: 1146 Table 'vk_logistics.settings' doesn't exist
[2026-08-07 12:12:54] Error fetching setting 'currency_symbol': SQLSTATE[42S02]: Base table or view not found: 1146 Table 'vk_logistics.settings' doesn't exist
[2026-08-07 12:12:54] Error fetching setting 'currency_code': SQLSTATE[42S02]: Base table or view not found: 1146 Table 'vk_logistics.settings' doesn't exist
[2026-08-07 12:12:54] Error fetching setting 'service_area': SQLSTATE[42S02]: Base table or view not found: 1146 Table 'vk_logistics.settings' doesn't exist
[2026-08-07 12:12:54] Error fetching setting 'bank_account_name': SQLSTATE[42S02]: Base table or view not found: 1146 Table 'vk_logistics.settings' doesn't exist
[2026-08-07 12:12:54] Error fetching setting 'bank_name': SQLSTATE[42S02]: Base table or view not found: 1146 Table 'vk_logistics.settings' doesn't exist
[2026-08-07 12:12:54] Error fetching setting 'bank_sort_code': SQLSTATE[42S02]: Base table or view not found: 1146 Table 'vk_logistics.settings' doesn't exist
[2026-08-07 12:12:54] Error fetching setting 'bank_account_number': SQLSTATE[42S02]: Base table or view not found: 1146 Table 'vk_logistics.settings' doesn't exist
[2026-08-07 12:12:54] Error fetching setting 'paypal_client_id': SQLSTATE[42S02]: Base table or view not found: 1146 Table 'vk_logistics.settings' doesn't exist
[2026-08-07 12:12:54] Error fetching setting 'paypal_mode': SQLSTATE[42S02]: Base table or view not found: 1146 Table 'vk_logistics.settings' doesn't exist
[2026-08-07 12:12:54] Error fetching setting 'paypal_email': SQLSTATE[42S02]: Base table or view not found: 1146 Table 'vk_logistics.settings' doesn't exist
[2026-08-07 12:12:54] Error fetching setting 'paypal_account_name': SQLSTATE[42S02]: Base table or view not found: 1146 Table 'vk_logistics.settings' doesn't exist
[2026-08-07 12:12:54] Error fetching setting 'paypal_id': SQLSTATE[42S02]: Base table or view not found: 1146 Table 'vk_logistics.settings' doesn't exist
[2026-08-07 12:12:54] Error fetching setting 'support_phone': SQLSTATE[42S02]: Base table or view not found: 1146 Table 'vk_logistics.settings' doesn't exist
[2026-08-07 12:12:54] Error fetching setting 'support_email': SQLSTATE[42S02]: Base table or view not found: 1146 Table 'vk_logistics.settings' doesn't exist
[2026-08-07 12:12:54] Error fetching setting 'product_name': SQLSTATE[42S02]: Base table or view not found: 1146 Table 'vk_logistics.settings' doesn't exist
[2026-08-07 12:12:54] Error fetching setting 'unit_price': SQLSTATE[42S02]: Base table or view not found: 1146 Table 'vk_logistics.settings' doesn't exist
[2026-08-07 12:12:54] Error fetching setting 'shipping_charge': SQLSTATE[42S02]: Base table or view not found: 1146 Table 'vk_logistics.settings' doesn't exist
[2026-08-07 12:12:54] Error fetching setting 'currency_symbol': SQLSTATE[42S02]: Base table or view not found: 1146 Table 'vk_logistics.settings' doesn't exist
[2026-08-07 12:12:54] Error fetching setting 'currency_code': SQLSTATE[42S02]: Base table or view not found: 1146 Table 'vk_logistics.settings' doesn't exist
[2026-08-07 12:12:54] Error fetching setting 'service_area': SQLSTATE[42S02]: Base table or view not found: 1146 Table 'vk_logistics.settings' doesn't exist
[2026-08-07 12:12:54] Error fetching setting 'bank_account_name': SQLSTATE[42S02]: Base table or view not found: 1146 Table 'vk_logistics.settings' doesn't exist
[2026-08-07 12:12:54] Error fetching setting 'bank_name': SQLSTATE[42S02]: Base table or view not found: 1146 Table 'vk_logistics.settings' doesn't exist
[2026-08-07 12:12:54] Error fetching setting 'bank_sort_code': SQLSTATE[42S02]: Base table or view not found: 1146 Table 'vk_logistics.settings' doesn't exist
[2026-08-07 12:12:54] Error fetching setting 'bank_account_number': SQLSTATE[42S02]: Base table or view not found: 1146 Table 'vk_logistics.settings' doesn't exist
[2026-08-07 12:12:54] Error fetching setting 'paypal_client_id': SQLSTATE[42S02]: Base table or view not found: 1146 Table 'vk_logistics.settings' doesn't exist
[2026-08-07 12:12:54] Error fetching setting 'paypal_mode': SQLSTATE[42S02]: Base table or view not found: 1146 Table 'vk_logistics.settings' doesn't exist
[2026-08-07 12:12:54] Error fetching setting 'paypal_email': SQLSTATE[42S02]: Base table or view not found: 1146 Table 'vk_logistics.settings' doesn't exist
[2026-08-07 12:12:54] Error fetching setting 'paypal_account_name': SQLSTATE[42S02]: Base table or view not found: 1146 Table 'vk_logistics.settings' doesn't exist
[2026-08-07 12:12:54] Error fetching setting 'paypal_id': SQLSTATE[42S02]: Base table or view not found: 1146 Table 'vk_logistics.settings' doesn't exist
[2026-08-07 12:12:54] Error fetching setting 'support_phone': SQLSTATE[42S02]: Base table or view not found: 1146 Table 'vk_logistics.settings' doesn't exist
[2026-08-07 12:12:54] Error fetching setting 'support_email': SQLSTATE[42S02]: Base table or view not found: 1146 Table 'vk_logistics.settings' doesn't exist
[2026-08-07 12:13:01] Error fetching setting 'product_name': SQLSTATE[42S02]: Base table or view not found: 1146 Table 'vk_logistics.settings' doesn't exist
[2026-08-07 12:13:01] Error fetching setting 'unit_price': SQLSTATE[42S02]: Base table or view not found: 1146 Table 'vk_logistics.settings' doesn't exist
[2026-08-07 12:13:01] Error fetching setting 'shipping_charge': SQLSTATE[42S02]: Base table or view not found: 1146 Table 'vk_logistics.settings' doesn't exist
[2026-08-07 12:13:01] Error fetching setting 'currency_symbol': SQLSTATE[42S02]: Base table or view not found: 1146 Table 'vk_logistics.settings' doesn't exist
[2026-08-07 12:13:01] Error fetching setting 'currency_code': SQLSTATE[42S02]: Base table or view not found: 1146 Table 'vk_logistics.settings' doesn't exist
[2026-08-07 12:13:01] Error fetching setting 'service_area': SQLSTATE[42S02]: Base table or view not found: 1146 Table 'vk_logistics.settings' doesn't exist
[2026-08-07 12:13:01] Error fetching setting 'bank_account_name': SQLSTATE[42S02]: Base table or view not found: 1146 Table 'vk_logistics.settings' doesn't exist
[2026-08-07 12:13:01] Error fetching setting 'bank_name': SQLSTATE[42S02]: Base table or view not found: 1146 Table 'vk_logistics.settings' doesn't exist
[2026-08-07 12:13:01] Error fetching setting 'bank_sort_code': SQLSTATE[42S02]: Base table or view not found: 1146 Table 'vk_logistics.settings' doesn't exist
[2026-08-07 12:13:01] Error fetching setting 'bank_account_number': SQLSTATE[42S02]: Base table or view not found: 1146 Table 'vk_logistics.settings' doesn't exist
[2026-08-07 12:13:01] Error fetching setting 'paypal_client_id': SQLSTATE[42S02]: Base table or view not found: 1146 Table 'vk_logistics.settings' doesn't exist
[2026-08-07 12:13:01] Error fetching setting 'paypal_mode': SQLSTATE[42S02]: Base table or view not found: 1146 Table 'vk_logistics.settings' doesn't exist
[2026-08-07 12:13:01] Error fetching setting 'paypal_email': SQLSTATE[42S02]: Base table or view not found: 1146 Table 'vk_logistics.settings' doesn't exist
[2026-08-07 12:13:01] Error fetching setting 'paypal_account_name': SQLSTATE[42S02]: Base table or view not found: 1146 Table 'vk_logistics.settings' doesn't exist
[2026-08-07 12:13:01] Error fetching setting 'paypal_id': SQLSTATE[42S02]: Base table or view not found: 1146 Table 'vk_logistics.settings' doesn't exist
[2026-08-07 12:13:01] Error fetching setting 'support_phone': SQLSTATE[42S02]: Base table or view not found: 1146 Table 'vk_logistics.settings' doesn't exist
[2026-08-07 12:13:01] Error fetching setting 'support_email': SQLSTATE[42S02]: Base table or view not found: 1146 Table 'vk_logistics.settings' doesn't exist
[2026-08-07 12:13:08] Error fetching setting 'admin_password': SQLSTATE[42S02]: Base table or view not found: 1146 Table 'vk_logistics.settings' doesn't exist
[2026-08-07 12:13:08] Admin get_dashboard_data error: SQLSTATE[42S02]: Base table or view not found: 1146 Table 'vk_logistics.bookings' doesn't exist
[2026-08-07 12:13:10] Error fetching setting 'product_name': SQLSTATE[42S02]: Base table or view not found: 1146 Table 'vk_logistics.settings' doesn't exist
[2026-08-07 12:13:10] Error fetching setting 'unit_price': SQLSTATE[42S02]: Base table or view not found: 1146 Table 'vk_logistics.settings' doesn't exist
[2026-08-07 12:13:10] Error fetching setting 'shipping_charge': SQLSTATE[42S02]: Base table or view not found: 1146 Table 'vk_logistics.settings' doesn't exist
[2026-08-07 12:13:10] Error fetching setting 'currency_symbol': SQLSTATE[42S02]: Base table or view not found: 1146 Table 'vk_logistics.settings' doesn't exist
[2026-08-07 12:13:10] Error fetching setting 'currency_code': SQLSTATE[42S02]: Base table or view not found: 1146 Table 'vk_logistics.settings' doesn't exist
[2026-08-07 12:13:10] Error fetching setting 'service_area': SQLSTATE[42S02]: Base table or view not found: 1146 Table 'vk_logistics.settings' doesn't exist
[2026-08-07 12:13:10] Error fetching setting 'bank_account_name': SQLSTATE[42S02]: Base table or view not found: 1146 Table 'vk_logistics.settings' doesn't exist
[2026-08-07 12:13:10] Error fetching setting 'bank_name': SQLSTATE[42S02]: Base table or view not found: 1146 Table 'vk_logistics.settings' doesn't exist
[2026-08-07 12:13:10] Error fetching setting 'bank_sort_code': SQLSTATE[42S02]: Base table or view not found: 1146 Table 'vk_logistics.settings' doesn't exist
[2026-08-07 12:13:10] Error fetching setting 'bank_account_number': SQLSTATE[42S02]: Base table or view not found: 1146 Table 'vk_logistics.settings' doesn't exist
[2026-08-07 12:13:10] Error fetching setting 'paypal_client_id': SQLSTATE[42S02]: Base table or view not found: 1146 Table 'vk_logistics.settings' doesn't exist
[2026-08-07 12:13:10] Error fetching setting 'paypal_mode': SQLSTATE[42S02]: Base table or view not found: 1146 Table 'vk_logistics.settings' doesn't exist
[2026-08-07 12:13:10] Error fetching setting 'paypal_email': SQLSTATE[42S02]: Base table or view not found: 1146 Table 'vk_logistics.settings' doesn't exist
[2026-08-07 12:13:10] Error fetching setting 'paypal_account_name': SQLSTATE[42S02]: Base table or view not found: 1146 Table 'vk_logistics.settings' doesn't exist
[2026-08-07 12:13:10] Error fetching setting 'paypal_id': SQLSTATE[42S02]: Base table or view not found: 1146 Table 'vk_logistics.settings' doesn't exist
[2026-08-07 12:13:10] Error fetching setting 'support_phone': SQLSTATE[42S02]: Base table or view not found: 1146 Table 'vk_logistics.settings' doesn't exist
[2026-08-07 12:13:10] Error fetching setting 'support_email': SQLSTATE[42S02]: Base table or view not found: 1146 Table 'vk_logistics.settings' doesn't exist
[2026-08-07 12:13:10] Admin get_dashboard_data error: SQLSTATE[42S02]: Base table or view not found: 1146 Table 'vk_logistics.bookings' doesn't exist
[2026-08-07 12:13:23] Error fetching setting 'product_name': SQLSTATE[42S02]: Base table or view not found: 1146 Table 'vk_logistics.settings' doesn't exist
[2026-08-07 12:13:23] Error fetching setting 'unit_price': SQLSTATE[42S02]: Base table or view not found: 1146 Table 'vk_logistics.settings' doesn't exist
[2026-08-07 12:13:23] Error fetching setting 'shipping_charge': SQLSTATE[42S02]: Base table or view not found: 1146 Table 'vk_logistics.settings' doesn't exist
[2026-08-07 12:13:23] Error fetching setting 'currency_symbol': SQLSTATE[42S02]: Base table or view not found: 1146 Table 'vk_logistics.settings' doesn't exist
[2026-08-07 12:13:23] Error fetching setting 'currency_code': SQLSTATE[42S02]: Base table or view not found: 1146 Table 'vk_logistics.settings' doesn't exist
[2026-08-07 12:13:23] Error fetching setting 'service_area': SQLSTATE[42S02]: Base table or view not found: 1146 Table 'vk_logistics.settings' doesn't exist
[2026-08-07 12:13:23] Error fetching setting 'bank_account_name': SQLSTATE[42S02]: Base table or view not found: 1146 Table 'vk_logistics.settings' doesn't exist
[2026-08-07 12:13:23] Error fetching setting 'bank_name': SQLSTATE[42S02]: Base table or view not found: 1146 Table 'vk_logistics.settings' doesn't exist
[2026-08-07 12:13:23] Error fetching setting 'bank_sort_code': SQLSTATE[42S02]: Base table or view not found: 1146 Table 'vk_logistics.settings' doesn't exist
[2026-08-07 12:13:23] Error fetching setting 'bank_account_number': SQLSTATE[42S02]: Base table or view not found: 1146 Table 'vk_logistics.settings' doesn't exist
[2026-08-07 12:13:23] Error fetching setting 'paypal_client_id': SQLSTATE[42S02]: Base table or view not found: 1146 Table 'vk_logistics.settings' doesn't exist
[2026-08-07 12:13:23] Error fetching setting 'paypal_mode': SQLSTATE[42S02]: Base table or view not found: 1146 Table 'vk_logistics.settings' doesn't exist
[2026-08-07 12:13:23] Error fetching setting 'paypal_email': SQLSTATE[42S02]: Base table or view not found: 1146 Table 'vk_logistics.settings' doesn't exist
[2026-08-07 12:13:23] Error fetching setting 'paypal_account_name': SQLSTATE[42S02]: Base table or view not found: 1146 Table 'vk_logistics.settings' doesn't exist
[2026-08-07 12:13:23] Error fetching setting 'paypal_id': SQLSTATE[42S02]: Base table or view not found: 1146 Table 'vk_logistics.settings' doesn't exist
[2026-08-07 12:13:23] Error fetching setting 'support_phone': SQLSTATE[42S02]: Base table or view not found: 1146 Table 'vk_logistics.settings' doesn't exist
[2026-08-07 12:13:23] Error fetching setting 'support_email': SQLSTATE[42S02]: Base table or view not found: 1146 Table 'vk_logistics.settings' doesn't exist
[2026-08-07 12:13:23] Error fetching setting 'product_name': SQLSTATE[42S02]: Base table or view not found: 1146 Table 'vk_logistics.settings' doesn't exist
[2026-08-07 12:13:23] Error fetching setting 'unit_price': SQLSTATE[42S02]: Base table or view not found: 1146 Table 'vk_logistics.settings' doesn't exist
[2026-08-07 12:13:23] Error fetching setting 'shipping_charge': SQLSTATE[42S02]: Base table or view not found: 1146 Table 'vk_logistics.settings' doesn't exist
[2026-08-07 12:13:23] Error fetching setting 'currency_symbol': SQLSTATE[42S02]: Base table or view not found: 1146 Table 'vk_logistics.settings' doesn't exist
[2026-08-07 12:13:23] Error fetching setting 'currency_code': SQLSTATE[42S02]: Base table or view not found: 1146 Table 'vk_logistics.settings' doesn't exist
[2026-08-07 12:13:23] Error fetching setting 'service_area': SQLSTATE[42S02]: Base table or view not found: 1146 Table 'vk_logistics.settings' doesn't exist
[2026-08-07 12:13:23] Error fetching setting 'bank_account_name': SQLSTATE[42S02]: Base table or view not found: 1146 Table 'vk_logistics.settings' doesn't exist
[2026-08-07 12:13:23] Error fetching setting 'bank_name': SQLSTATE[42S02]: Base table or view not found: 1146 Table 'vk_logistics.settings' doesn't exist
[2026-08-07 12:13:23] Error fetching setting 'bank_sort_code': SQLSTATE[42S02]: Base table or view not found: 1146 Table 'vk_logistics.settings' doesn't exist
[2026-08-07 12:13:23] Error fetching setting 'bank_account_number': SQLSTATE[42S02]: Base table or view not found: 1146 Table 'vk_logistics.settings' doesn't exist
[2026-08-07 12:13:23] Error fetching setting 'paypal_client_id': SQLSTATE[42S02]: Base table or view not found: 1146 Table 'vk_logistics.settings' doesn't exist
[2026-08-07 12:13:23] Error fetching setting 'paypal_mode': SQLSTATE[42S02]: Base table or view not found: 1146 Table 'vk_logistics.settings' doesn't exist
[2026-08-07 12:13:23] Error fetching setting 'paypal_email': SQLSTATE[42S02]: Base table or view not found: 1146 Table 'vk_logistics.settings' doesn't exist
[2026-08-07 12:13:23] Error fetching setting 'paypal_account_name': SQLSTATE[42S02]: Base table or view not found: 1146 Table 'vk_logistics.settings' doesn't exist
[2026-08-07 12:13:23] Error fetching setting 'paypal_id': SQLSTATE[42S02]: Base table or view not found: 1146 Table 'vk_logistics.settings' doesn't exist
[2026-08-07 12:13:23] Error fetching setting 'support_phone': SQLSTATE[42S02]: Base table or view not found: 1146 Table 'vk_logistics.settings' doesn't exist
[2026-08-07 12:13:23] Error fetching setting 'support_email': SQLSTATE[42S02]: Base table or view not found: 1146 Table 'vk_logistics.settings' doesn't exist
[2026-08-07 12:14:11] Sequence generation error: SQLSTATE[42S02]: Base table or view not found: 1146 Table 'vk_logistics.booking_sequence' doesn't exist
[2026-08-07 12:14:11] Error fetching setting 'unit_price': SQLSTATE[42S02]: Base table or view not found: 1146 Table 'vk_logistics.settings' doesn't exist
[2026-08-07 12:14:11] Error fetching setting 'shipping_charge': SQLSTATE[42S02]: Base table or view not found: 1146 Table 'vk_logistics.settings' doesn't exist
[2026-08-07 12:14:11] Error fetching setting 'currency_symbol': SQLSTATE[42S02]: Base table or view not found: 1146 Table 'vk_logistics.settings' doesn't exist
[2026-08-07 12:14:11] Error fetching setting 'currency_code': SQLSTATE[42S02]: Base table or view not found: 1146 Table 'vk_logistics.settings' doesn't exist
[2026-08-07 12:14:11] Failed to insert booking: SQLSTATE[42S02]: Base table or view not found: 1146 Table 'vk_logistics.bookings' doesn't exist
[2026-08-07 12:14:12] Error fetching booking: SQLSTATE[42S02]: Base table or view not found: 1146 Table 'vk_logistics.bookings' doesn't exist
[2026-08-07 12:14:17] Error fetching setting 'product_name': SQLSTATE[42S02]: Base table or view not found: 1146 Table 'vk_logistics.settings' doesn't exist
[2026-08-07 12:14:17] Error fetching setting 'unit_price': SQLSTATE[42S02]: Base table or view not found: 1146 Table 'vk_logistics.settings' doesn't exist
[2026-08-07 12:14:17] Error fetching setting 'shipping_charge': SQLSTATE[42S02]: Base table or view not found: 1146 Table 'vk_logistics.settings' doesn't exist
[2026-08-07 12:14:17] Error fetching setting 'currency_symbol': SQLSTATE[42S02]: Base table or view not found: 1146 Table 'vk_logistics.settings' doesn't exist
[2026-08-07 12:14:17] Error fetching setting 'currency_code': SQLSTATE[42S02]: Base table or view not found: 1146 Table 'vk_logistics.settings' doesn't exist
[2026-08-07 12:14:17] Error fetching setting 'service_area': SQLSTATE[42S02]: Base table or view not found: 1146 Table 'vk_logistics.settings' doesn't exist
[2026-08-07 12:14:17] Error fetching setting 'bank_account_name': SQLSTATE[42S02]: Base table or view not found: 1146 Table 'vk_logistics.settings' doesn't exist
[2026-08-07 12:14:17] Error fetching setting 'bank_name': SQLSTATE[42S02]: Base table or view not found: 1146 Table 'vk_logistics.settings' doesn't exist
[2026-08-07 12:14:17] Error fetching setting 'bank_sort_code': SQLSTATE[42S02]: Base table or view not found: 1146 Table 'vk_logistics.settings' doesn't exist
[2026-08-07 12:14:17] Error fetching setting 'bank_account_number': SQLSTATE[42S02]: Base table or view not found: 1146 Table 'vk_logistics.settings' doesn't exist
[2026-08-07 12:14:17] Error fetching setting 'paypal_client_id': SQLSTATE[42S02]: Base table or view not found: 1146 Table 'vk_logistics.settings' doesn't exist
[2026-08-07 12:14:17] Error fetching setting 'paypal_mode': SQLSTATE[42S02]: Base table or view not found: 1146 Table 'vk_logistics.settings' doesn't exist
[2026-08-07 12:14:17] Error fetching setting 'paypal_email': SQLSTATE[42S02]: Base table or view not found: 1146 Table 'vk_logistics.settings' doesn't exist
[2026-08-07 12:14:17] Error fetching setting 'paypal_account_name': SQLSTATE[42S02]: Base table or view not found: 1146 Table 'vk_logistics.settings' doesn't exist
[2026-08-07 12:14:17] Error fetching setting 'paypal_id': SQLSTATE[42S02]: Base table or view not found: 1146 Table 'vk_logistics.settings' doesn't exist
[2026-08-07 12:14:17] Error fetching setting 'support_phone': SQLSTATE[42S02]: Base table or view not found: 1146 Table 'vk_logistics.settings' doesn't exist
[2026-08-07 12:14:17] Error fetching setting 'support_email': SQLSTATE[42S02]: Base table or view not found: 1146 Table 'vk_logistics.settings' doesn't exist
[2026-08-07 12:14:17] Admin get_dashboard_data error: SQLSTATE[42S02]: Base table or view not found: 1146 Table 'vk_logistics.bookings' doesn't exist
[2026-08-07 12:14:18] Error fetching setting 'product_name': SQLSTATE[42S02]: Base table or view not found: 1146 Table 'vk_logistics.settings' doesn't exist
[2026-08-07 12:14:18] Error fetching setting 'unit_price': SQLSTATE[42S02]: Base table or view not found: 1146 Table 'vk_logistics.settings' doesn't exist
[2026-08-07 12:14:18] Error fetching setting 'shipping_charge': SQLSTATE[42S02]: Base table or view not found: 1146 Table 'vk_logistics.settings' doesn't exist
[2026-08-07 12:14:18] Error fetching setting 'currency_symbol': SQLSTATE[42S02]: Base table or view not found: 1146 Table 'vk_logistics.settings' doesn't exist
[2026-08-07 12:14:18] Error fetching setting 'currency_code': SQLSTATE[42S02]: Base table or view not found: 1146 Table 'vk_logistics.settings' doesn't exist
[2026-08-07 12:14:18] Error fetching setting 'service_area': SQLSTATE[42S02]: Base table or view not found: 1146 Table 'vk_logistics.settings' doesn't exist
[2026-08-07 12:14:18] Error fetching setting 'bank_account_name': SQLSTATE[42S02]: Base table or view not found: 1146 Table 'vk_logistics.settings' doesn't exist
[2026-08-07 12:14:18] Error fetching setting 'bank_name': SQLSTATE[42S02]: Base table or view not found: 1146 Table 'vk_logistics.settings' doesn't exist
[2026-08-07 12:14:18] Error fetching setting 'bank_sort_code': SQLSTATE[42S02]: Base table or view not found: 1146 Table 'vk_logistics.settings' doesn't exist
[2026-08-07 12:14:18] Error fetching setting 'bank_account_number': SQLSTATE[42S02]: Base table or view not found: 1146 Table 'vk_logistics.settings' doesn't exist
[2026-08-07 12:14:18] Error fetching setting 'paypal_client_id': SQLSTATE[42S02]: Base table or view not found: 1146 Table 'vk_logistics.settings' doesn't exist
[2026-08-07 12:14:18] Error fetching setting 'paypal_mode': SQLSTATE[42S02]: Base table or view not found: 1146 Table 'vk_logistics.settings' doesn't exist
[2026-08-07 12:14:18] Error fetching setting 'paypal_email': SQLSTATE[42S02]: Base table or view not found: 1146 Table 'vk_logistics.settings' doesn't exist
[2026-08-07 12:14:18] Error fetching setting 'paypal_account_name': SQLSTATE[42S02]: Base table or view not found: 1146 Table 'vk_logistics.settings' doesn't exist
[2026-08-07 12:14:18] Error fetching setting 'paypal_id': SQLSTATE[42S02]: Base table or view not found: 1146 Table 'vk_logistics.settings' doesn't exist
[2026-08-07 12:14:18] Error fetching setting 'support_phone': SQLSTATE[42S02]: Base table or view not found: 1146 Table 'vk_logistics.settings' doesn't exist
[2026-08-07 12:14:18] Error fetching setting 'support_email': SQLSTATE[42S02]: Base table or view not found: 1146 Table 'vk_logistics.settings' doesn't exist
[2026-08-07 12:14:18] Admin get_dashboard_data error: SQLSTATE[42S02]: Base table or view not found: 1146 Table 'vk_logistics.bookings' doesn't exist
[2026-08-07 12:14:19] Error fetching setting 'product_name': SQLSTATE[42S02]: Base table or view not found: 1146 Table 'vk_logistics.settings' doesn't exist
[2026-08-07 12:14:19] Error fetching setting 'unit_price': SQLSTATE[42S02]: Base table or view not found: 1146 Table 'vk_logistics.settings' doesn't exist
[2026-08-07 12:14:19] Error fetching setting 'shipping_charge': SQLSTATE[42S02]: Base table or view not found: 1146 Table 'vk_logistics.settings' doesn't exist
[2026-08-07 12:14:19] Error fetching setting 'currency_symbol': SQLSTATE[42S02]: Base table or view not found: 1146 Table 'vk_logistics.settings' doesn't exist
[2026-08-07 12:14:19] Error fetching setting 'currency_code': SQLSTATE[42S02]: Base table or view not found: 1146 Table 'vk_logistics.settings' doesn't exist
[2026-08-07 12:14:19] Error fetching setting 'service_area': SQLSTATE[42S02]: Base table or view not found: 1146 Table 'vk_logistics.settings' doesn't exist
[2026-08-07 12:14:19] Error fetching setting 'bank_account_name': SQLSTATE[42S02]: Base table or view not found: 1146 Table 'vk_logistics.settings' doesn't exist
[2026-08-07 12:14:19] Error fetching setting 'bank_name': SQLSTATE[42S02]: Base table or view not found: 1146 Table 'vk_logistics.settings' doesn't exist
[2026-08-07 12:14:19] Error fetching setting 'bank_sort_code': SQLSTATE[42S02]: Base table or view not found: 1146 Table 'vk_logistics.settings' doesn't exist
[2026-08-07 12:14:19] Error fetching setting 'bank_account_number': SQLSTATE[42S02]: Base table or view not found: 1146 Table 'vk_logistics.settings' doesn't exist
[2026-08-07 12:14:19] Error fetching setting 'paypal_client_id': SQLSTATE[42S02]: Base table or view not found: 1146 Table 'vk_logistics.settings' doesn't exist
[2026-08-07 12:14:19] Error fetching setting 'paypal_mode': SQLSTATE[42S02]: Base table or view not found: 1146 Table 'vk_logistics.settings' doesn't exist
[2026-08-07 12:14:19] Error fetching setting 'paypal_email': SQLSTATE[42S02]: Base table or view not found: 1146 Table 'vk_logistics.settings' doesn't exist
[2026-08-07 12:14:19] Error fetching setting 'paypal_account_name': SQLSTATE[42S02]: Base table or view not found: 1146 Table 'vk_logistics.settings' doesn't exist
[2026-08-07 12:14:19] Error fetching setting 'paypal_id': SQLSTATE[42S02]: Base table or view not found: 1146 Table 'vk_logistics.settings' doesn't exist
[2026-08-07 12:14:19] Error fetching setting 'support_phone': SQLSTATE[42S02]: Base table or view not found: 1146 Table 'vk_logistics.settings' doesn't exist
[2026-08-07 12:14:19] Error fetching setting 'support_email': SQLSTATE[42S02]: Base table or view not found: 1146 Table 'vk_logistics.settings' doesn't exist
[2026-08-07 12:14:19] Admin get_dashboard_data error: SQLSTATE[42S02]: Base table or view not found: 1146 Table 'vk_logistics.bookings' doesn't exist
[2026-08-07 12:14:19] Error fetching setting 'product_name': SQLSTATE[42S02]: Base table or view not found: 1146 Table 'vk_logistics.settings' doesn't exist
[2026-08-07 12:14:19] Error fetching setting 'unit_price': SQLSTATE[42S02]: Base table or view not found: 1146 Table 'vk_logistics.settings' doesn't exist
[2026-08-07 12:14:19] Error fetching setting 'shipping_charge': SQLSTATE[42S02]: Base table or view not found: 1146 Table 'vk_logistics.settings' doesn't exist
[2026-08-07 12:14:19] Error fetching setting 'currency_symbol': SQLSTATE[42S02]: Base table or view not found: 1146 Table 'vk_logistics.settings' doesn't exist
[2026-08-07 12:14:19] Error fetching setting 'currency_code': SQLSTATE[42S02]: Base table or view not found: 1146 Table 'vk_logistics.settings' doesn't exist
[2026-08-07 12:14:19] Error fetching setting 'service_area': SQLSTATE[42S02]: Base table or view not found: 1146 Table 'vk_logistics.settings' doesn't exist
[2026-08-07 12:14:19] Error fetching setting 'bank_account_name': SQLSTATE[42S02]: Base table or view not found: 1146 Table 'vk_logistics.settings' doesn't exist
[2026-08-07 12:14:19] Error fetching setting 'bank_name': SQLSTATE[42S02]: Base table or view not found: 1146 Table 'vk_logistics.settings' doesn't exist
[2026-08-07 12:14:19] Error fetching setting 'bank_sort_code': SQLSTATE[42S02]: Base table or view not found: 1146 Table 'vk_logistics.settings' doesn't exist
[2026-08-07 12:14:19] Error fetching setting 'bank_account_number': SQLSTATE[42S02]: Base table or view not found: 1146 Table 'vk_logistics.settings' doesn't exist
[2026-08-07 12:14:19] Error fetching setting 'paypal_client_id': SQLSTATE[42S02]: Base table or view not found: 1146 Table 'vk_logistics.settings' doesn't exist
[2026-08-07 12:14:19] Error fetching setting 'paypal_mode': SQLSTATE[42S02]: Base table or view not found: 1146 Table 'vk_logistics.settings' doesn't exist
[2026-08-07 12:14:19] Error fetching setting 'paypal_email': SQLSTATE[42S02]: Base table or view not found: 1146 Table 'vk_logistics.settings' doesn't exist
[2026-08-07 12:14:19] Error fetching setting 'paypal_account_name': SQLSTATE[42S02]: Base table or view not found: 1146 Table 'vk_logistics.settings' doesn't exist
[2026-08-07 12:14:19] Error fetching setting 'paypal_id': SQLSTATE[42S02]: Base table or view not found: 1146 Table 'vk_logistics.settings' doesn't exist
[2026-08-07 12:14:19] Error fetching setting 'support_phone': SQLSTATE[42S02]: Base table or view not found: 1146 Table 'vk_logistics.settings' doesn't exist
[2026-08-07 12:14:19] Error fetching setting 'support_email': SQLSTATE[42S02]: Base table or view not found: 1146 Table 'vk_logistics.settings' doesn't exist
[2026-08-07 12:14:19] Admin get_dashboard_data error: SQLSTATE[42S02]: Base table or view not found: 1146 Table 'vk_logistics.bookings' doesn't exist
[2026-08-07 12:14:20] Error fetching setting 'product_name': SQLSTATE[42S02]: Base table or view not found: 1146 Table 'vk_logistics.settings' doesn't exist
[2026-08-07 12:14:20] Error fetching setting 'unit_price': SQLSTATE[42S02]: Base table or view not found: 1146 Table 'vk_logistics.settings' doesn't exist
[2026-08-07 12:14:20] Error fetching setting 'shipping_charge': SQLSTATE[42S02]: Base table or view not found: 1146 Table 'vk_logistics.settings' doesn't exist
[2026-08-07 12:14:20] Error fetching setting 'currency_symbol': SQLSTATE[42S02]: Base table or view not found: 1146 Table 'vk_logistics.settings' doesn't exist
[2026-08-07 12:14:20] Error fetching setting 'currency_code': SQLSTATE[42S02]: Base table or view not found: 1146 Table 'vk_logistics.settings' doesn't exist
[2026-08-07 12:14:20] Error fetching setting 'service_area': SQLSTATE[42S02]: Base table or view not found: 1146 Table 'vk_logistics.settings' doesn't exist
[2026-08-07 12:14:20] Error fetching setting 'bank_account_name': SQLSTATE[42S02]: Base table or view not found: 1146 Table 'vk_logistics.settings' doesn't exist
[2026-08-07 12:14:20] Error fetching setting 'bank_name': SQLSTATE[42S02]: Base table or view not found: 1146 Table 'vk_logistics.settings' doesn't exist
[2026-08-07 12:14:20] Error fetching setting 'bank_sort_code': SQLSTATE[42S02]: Base table or view not found: 1146 Table 'vk_logistics.settings' doesn't exist
[2026-08-07 12:14:20] Error fetching setting 'bank_account_number': SQLSTATE[42S02]: Base table or view not found: 1146 Table 'vk_logistics.settings' doesn't exist
[2026-08-07 12:14:20] Error fetching setting 'paypal_client_id': SQLSTATE[42S02]: Base table or view not found: 1146 Table 'vk_logistics.settings' doesn't exist
[2026-08-07 12:14:20] Error fetching setting 'paypal_mode': SQLSTATE[42S02]: Base table or view not found: 1146 Table 'vk_logistics.settings' doesn't exist
[2026-08-07 12:14:20] Error fetching setting 'paypal_email': SQLSTATE[42S02]: Base table or view not found: 1146 Table 'vk_logistics.settings' doesn't exist
[2026-08-07 12:14:20] Error fetching setting 'paypal_account_name': SQLSTATE[42S02]: Base table or view not found: 1146 Table 'vk_logistics.settings' doesn't exist
[2026-08-07 12:14:20] Error fetching setting 'paypal_id': SQLSTATE[42S02]: Base table or view not found: 1146 Table 'vk_logistics.settings' doesn't exist
[2026-08-07 12:14:20] Error fetching setting 'support_phone': SQLSTATE[42S02]: Base table or view not found: 1146 Table 'vk_logistics.settings' doesn't exist
[2026-08-07 12:14:20] Error fetching setting 'support_email': SQLSTATE[42S02]: Base table or view not found: 1146 Table 'vk_logistics.settings' doesn't exist
[2026-08-07 12:14:20] Admin get_dashboard_data error: SQLSTATE[42S02]: Base table or view not found: 1146 Table 'vk_logistics.bookings' doesn't exist
[2026-08-07 12:14:21] Error fetching setting 'product_name': SQLSTATE[42S02]: Base table or view not found: 1146 Table 'vk_logistics.settings' doesn't exist
[2026-08-07 12:14:21] Error fetching setting 'unit_price': SQLSTATE[42S02]: Base table or view not found: 1146 Table 'vk_logistics.settings' doesn't exist
[2026-08-07 12:14:21] Error fetching setting 'shipping_charge': SQLSTATE[42S02]: Base table or view not found: 1146 Table 'vk_logistics.settings' doesn't exist
[2026-08-07 12:14:21] Error fetching setting 'currency_symbol': SQLSTATE[42S02]: Base table or view not found: 1146 Table 'vk_logistics.settings' doesn't exist
[2026-08-07 12:14:21] Error fetching setting 'currency_code': SQLSTATE[42S02]: Base table or view not found: 1146 Table 'vk_logistics.settings' doesn't exist
[2026-08-07 12:14:21] Error fetching setting 'service_area': SQLSTATE[42S02]: Base table or view not found: 1146 Table 'vk_logistics.settings' doesn't exist
[2026-08-07 12:14:21] Error fetching setting 'bank_account_name': SQLSTATE[42S02]: Base table or view not found: 1146 Table 'vk_logistics.settings' doesn't exist
[2026-08-07 12:14:21] Error fetching setting 'bank_name': SQLSTATE[42S02]: Base table or view not found: 1146 Table 'vk_logistics.settings' doesn't exist
[2026-08-07 12:14:21] Error fetching setting 'bank_sort_code': SQLSTATE[42S02]: Base table or view not found: 1146 Table 'vk_logistics.settings' doesn't exist
[2026-08-07 12:14:21] Error fetching setting 'bank_account_number': SQLSTATE[42S02]: Base table or view not found: 1146 Table 'vk_logistics.settings' doesn't exist
[2026-08-07 12:14:21] Error fetching setting 'paypal_client_id': SQLSTATE[42S02]: Base table or view not found: 1146 Table 'vk_logistics.settings' doesn't exist
[2026-08-07 12:14:21] Error fetching setting 'paypal_mode': SQLSTATE[42S02]: Base table or view not found: 1146 Table 'vk_logistics.settings' doesn't exist
[2026-08-07 12:14:21] Error fetching setting 'paypal_email': SQLSTATE[42S02]: Base table or view not found: 1146 Table 'vk_logistics.settings' doesn't exist
[2026-08-07 12:14:21] Error fetching setting 'paypal_account_name': SQLSTATE[42S02]: Base table or view not found: 1146 Table 'vk_logistics.settings' doesn't exist
[2026-08-07 12:14:21] Error fetching setting 'paypal_id': SQLSTATE[42S02]: Base table or view not found: 1146 Table 'vk_logistics.settings' doesn't exist
[2026-08-07 12:14:21] Error fetching setting 'support_phone': SQLSTATE[42S02]: Base table or view not found: 1146 Table 'vk_logistics.settings' doesn't exist
[2026-08-07 12:14:21] Error fetching setting 'support_email': SQLSTATE[42S02]: Base table or view not found: 1146 Table 'vk_logistics.settings' doesn't exist
[2026-08-07 12:14:21] Admin get_dashboard_data error: SQLSTATE[42S02]: Base table or view not found: 1146 Table 'vk_logistics.bookings' doesn't exist
[2026-08-07 12:14:25] Error fetching setting 'product_name': SQLSTATE[42S02]: Base table or view not found: 1146 Table 'vk_logistics.settings' doesn't exist
[2026-08-07 12:14:25] Error fetching setting 'unit_price': SQLSTATE[42S02]: Base table or view not found: 1146 Table 'vk_logistics.settings' doesn't exist
[2026-08-07 12:14:25] Error fetching setting 'shipping_charge': SQLSTATE[42S02]: Base table or view not found: 1146 Table 'vk_logistics.settings' doesn't exist
[2026-08-07 12:14:25] Error fetching setting 'currency_symbol': SQLSTATE[42S02]: Base table or view not found: 1146 Table 'vk_logistics.settings' doesn't exist
[2026-08-07 12:14:25] Error fetching setting 'currency_code': SQLSTATE[42S02]: Base table or view not found: 1146 Table 'vk_logistics.settings' doesn't exist
[2026-08-07 12:14:25] Error fetching setting 'service_area': SQLSTATE[42S02]: Base table or view not found: 1146 Table 'vk_logistics.settings' doesn't exist
[2026-08-07 12:14:25] Error fetching setting 'bank_account_name': SQLSTATE[42S02]: Base table or view not found: 1146 Table 'vk_logistics.settings' doesn't exist
[2026-08-07 12:14:25] Error fetching setting 'bank_name': SQLSTATE[42S02]: Base table or view not found: 1146 Table 'vk_logistics.settings' doesn't exist
[2026-08-07 12:14:25] Error fetching setting 'bank_sort_code': SQLSTATE[42S02]: Base table or view not found: 1146 Table 'vk_logistics.settings' doesn't exist
[2026-08-07 12:14:25] Error fetching setting 'bank_account_number': SQLSTATE[42S02]: Base table or view not found: 1146 Table 'vk_logistics.settings' doesn't exist
[2026-08-07 12:14:25] Error fetching setting 'paypal_client_id': SQLSTATE[42S02]: Base table or view not found: 1146 Table 'vk_logistics.settings' doesn't exist
[2026-08-07 12:14:25] Error fetching setting 'paypal_mode': SQLSTATE[42S02]: Base table or view not found: 1146 Table 'vk_logistics.settings' doesn't exist
[2026-08-07 12:14:25] Error fetching setting 'paypal_email': SQLSTATE[42S02]: Base table or view not found: 1146 Table 'vk_logistics.settings' doesn't exist
[2026-08-07 12:14:25] Error fetching setting 'paypal_account_name': SQLSTATE[42S02]: Base table or view not found: 1146 Table 'vk_logistics.settings' doesn't exist
[2026-08-07 12:14:25] Error fetching setting 'paypal_id': SQLSTATE[42S02]: Base table or view not found: 1146 Table 'vk_logistics.settings' doesn't exist
[2026-08-07 12:14:25] Error fetching setting 'support_phone': SQLSTATE[42S02]: Base table or view not found: 1146 Table 'vk_logistics.settings' doesn't exist
[2026-08-07 12:14:25] Error fetching setting 'support_email': SQLSTATE[42S02]: Base table or view not found: 1146 Table 'vk_logistics.settings' doesn't exist
[2026-08-07 12:14:25] Error fetching setting 'product_name': SQLSTATE[42S02]: Base table or view not found: 1146 Table 'vk_logistics.settings' doesn't exist
[2026-08-07 12:14:25] Error fetching setting 'unit_price': SQLSTATE[42S02]: Base table or view not found: 1146 Table 'vk_logistics.settings' doesn't exist
[2026-08-07 12:14:25] Error fetching setting 'shipping_charge': SQLSTATE[42S02]: Base table or view not found: 1146 Table 'vk_logistics.settings' doesn't exist
[2026-08-07 12:14:25] Error fetching setting 'currency_symbol': SQLSTATE[42S02]: Base table or view not found: 1146 Table 'vk_logistics.settings' doesn't exist
[2026-08-07 12:14:25] Error fetching setting 'currency_code': SQLSTATE[42S02]: Base table or view not found: 1146 Table 'vk_logistics.settings' doesn't exist
[2026-08-07 12:14:25] Error fetching setting 'service_area': SQLSTATE[42S02]: Base table or view not found: 1146 Table 'vk_logistics.settings' doesn't exist
[2026-08-07 12:14:25] Error fetching setting 'bank_account_name': SQLSTATE[42S02]: Base table or view not found: 1146 Table 'vk_logistics.settings' doesn't exist
[2026-08-07 12:14:25] Error fetching setting 'bank_name': SQLSTATE[42S02]: Base table or view not found: 1146 Table 'vk_logistics.settings' doesn't exist
[2026-08-07 12:14:25] Error fetching setting 'bank_sort_code': SQLSTATE[42S02]: Base table or view not found: 1146 Table 'vk_logistics.settings' doesn't exist
[2026-08-07 12:14:25] Error fetching setting 'bank_account_number': SQLSTATE[42S02]: Base table or view not found: 1146 Table 'vk_logistics.settings' doesn't exist
[2026-08-07 12:14:25] Error fetching setting 'paypal_client_id': SQLSTATE[42S02]: Base table or view not found: 1146 Table 'vk_logistics.settings' doesn't exist
[2026-08-07 12:14:25] Error fetching setting 'paypal_mode': SQLSTATE[42S02]: Base table or view not found: 1146 Table 'vk_logistics.settings' doesn't exist
[2026-08-07 12:14:25] Error fetching setting 'paypal_email': SQLSTATE[42S02]: Base table or view not found: 1146 Table 'vk_logistics.settings' doesn't exist
[2026-08-07 12:14:25] Error fetching setting 'paypal_account_name': SQLSTATE[42S02]: Base table or view not found: 1146 Table 'vk_logistics.settings' doesn't exist
[2026-08-07 12:14:25] Error fetching setting 'paypal_id': SQLSTATE[42S02]: Base table or view not found: 1146 Table 'vk_logistics.settings' doesn't exist
[2026-08-07 12:14:25] Error fetching setting 'support_phone': SQLSTATE[42S02]: Base table or view not found: 1146 Table 'vk_logistics.settings' doesn't exist
[2026-08-07 12:14:25] Error fetching setting 'support_email': SQLSTATE[42S02]: Base table or view not found: 1146 Table 'vk_logistics.settings' doesn't exist
[2026-08-07 12:14:29] Error fetching setting 'product_name': SQLSTATE[42S02]: Base table or view not found: 1146 Table 'vk_logistics.settings' doesn't exist
[2026-08-07 12:14:29] Error fetching setting 'unit_price': SQLSTATE[42S02]: Base table or view not found: 1146 Table 'vk_logistics.settings' doesn't exist
[2026-08-07 12:14:29] Error fetching setting 'shipping_charge': SQLSTATE[42S02]: Base table or view not found: 1146 Table 'vk_logistics.settings' doesn't exist
[2026-08-07 12:14:29] Error fetching setting 'currency_symbol': SQLSTATE[42S02]: Base table or view not found: 1146 Table 'vk_logistics.settings' doesn't exist
[2026-08-07 12:14:29] Error fetching setting 'currency_code': SQLSTATE[42S02]: Base table or view not found: 1146 Table 'vk_logistics.settings' doesn't exist
[2026-08-07 12:14:29] Error fetching setting 'service_area': SQLSTATE[42S02]: Base table or view not found: 1146 Table 'vk_logistics.settings' doesn't exist
[2026-08-07 12:14:29] Error fetching setting 'bank_account_name': SQLSTATE[42S02]: Base table or view not found: 1146 Table 'vk_logistics.settings' doesn't exist
[2026-08-07 12:14:29] Error fetching setting 'bank_name': SQLSTATE[42S02]: Base table or view not found: 1146 Table 'vk_logistics.settings' doesn't exist
[2026-08-07 12:14:29] Error fetching setting 'bank_sort_code': SQLSTATE[42S02]: Base table or view not found: 1146 Table 'vk_logistics.settings' doesn't exist
[2026-08-07 12:14:29] Error fetching setting 'bank_account_number': SQLSTATE[42S02]: Base table or view not found: 1146 Table 'vk_logistics.settings' doesn't exist
[2026-08-07 12:14:29] Error fetching setting 'paypal_client_id': SQLSTATE[42S02]: Base table or view not found: 1146 Table 'vk_logistics.settings' doesn't exist
[2026-08-07 12:14:29] Error fetching setting 'paypal_mode': SQLSTATE[42S02]: Base table or view not found: 1146 Table 'vk_logistics.settings' doesn't exist
[2026-08-07 12:14:29] Error fetching setting 'paypal_email': SQLSTATE[42S02]: Base table or view not found: 1146 Table 'vk_logistics.settings' doesn't exist
[2026-08-07 12:14:29] Error fetching setting 'paypal_account_name': SQLSTATE[42S02]: Base table or view not found: 1146 Table 'vk_logistics.settings' doesn't exist
[2026-08-07 12:14:29] Error fetching setting 'paypal_id': SQLSTATE[42S02]: Base table or view not found: 1146 Table 'vk_logistics.settings' doesn't exist
[2026-08-07 12:14:29] Error fetching setting 'support_phone': SQLSTATE[42S02]: Base table or view not found: 1146 Table 'vk_logistics.settings' doesn't exist
[2026-08-07 12:14:29] Error fetching setting 'support_email': SQLSTATE[42S02]: Base table or view not found: 1146 Table 'vk_logistics.settings' doesn't exist
[2026-08-07 12:14:29] Admin get_dashboard_data error: SQLSTATE[42S02]: Base table or view not found: 1146 Table 'vk_logistics.bookings' doesn't exist
